Warning: You are sending unauthenticated requests to the HF Hub. Please set a HF_TOKEN to enable higher rate limits and faster downloads.
Loading weights:   0%|          | 0/338 [00:00<?, ?it/s]Loading weights: 100%|██████████| 338/338 [00:00<00:00, 26455.08it/s]
context 2048: budget=293 n_filler=25 cells=400
  [context2048] 100/400 new=100 skip=0 fail=0 0.41/s eta=12.2min
  [context2048] 200/400 new=200 skip=0 fail=0 0.44/s eta=7.6min
  [context2048] 300/400 new=300 skip=0 fail=0 0.49/s eta=3.4min
  [context2048] 400/400 new=400 skip=0 fail=0 0.46/s eta=0.0min
context 4096: budget=557 n_filler=61 cells=400
  [context4096] 100/400 new=100 skip=0 fail=0 0.52/s eta=9.7min
  [context4096] 200/400 new=200 skip=0 fail=0 0.42/s eta=8.0min
  [context4096] 300/400 new=300 skip=0 fail=0 0.43/s eta=3.9min
  [context4096] 400/400 new=400 skip=0 fail=0 0.36/s eta=0.0min
[
  {
    "tag": "context2048",
    "new": 400,
    "skipped": 0,
    "failed": 0,
    "elapsed_s": 863.5410404205322,
    "results": "results/bits4/context2048.jsonl",
    "failures": "results/bits4/context2048.failures.jsonl"
  },
  {
    "tag": "context4096",
    "new": 400,
    "skipped": 0,
    "failed": 0,
    "elapsed_s": 1113.33873462677,
    "results": "results/bits4/context4096.jsonl",
    "failures": "results/bits4/context4096.failures.jsonl"
  }
]
total 32.9 min
