Warning: You are sending unauthenticated requests to the HF Hub. Please set a HF_TOKEN to enable higher rate limits and faster downloads.
Loading weights:   0%|          | 0/338 [00:00<?, ?it/s]Loading weights: 100%|██████████| 338/338 [00:00<00:00, 35989.81it/s]
phase1 8-bit: 900 cells -> results/bits8
  [phase1_8bit] 100/900 new=100 skip=0 fail=0 0.66/s eta=20.1min
  [phase1_8bit] 200/900 new=200 skip=0 fail=0 0.55/s eta=21.4min
  [phase1_8bit] 300/900 new=300 skip=0 fail=0 0.49/s eta=20.5min
  [phase1_8bit] 400/900 new=400 skip=0 fail=0 0.50/s eta=16.6min
  [phase1_8bit] 600/900 new=550 skip=50 fail=0 0.42/s eta=11.8min
  [phase1_8bit] 700/900 new=650 skip=50 fail=0 0.40/s eta=8.4min
  [phase1_8bit] 800/900 new=750 skip=50 fail=0 0.38/s eta=4.4min
  [phase1_8bit] 900/900 new=850 skip=50 fail=0 0.34/s eta=0.0min
{
  "tag": "phase1_8bit",
  "new": 850,
  "skipped": 50,
  "failed": 0,
  "elapsed_s": 2513.7430560588837,
  "results": "results/bits8/phase1_8bit.jsonl",
  "failures": "results/bits8/phase1_8bit.failures.jsonl"
}
total 41.9 min
