Warning: You are sending unauthenticated requests to the HF Hub. Please set a HF_TOKEN to enable higher rate limits and faster downloads.
Loading weights:   0%|          | 0/338 [00:00<?, ?it/s]Loading weights: 100%|██████████| 338/338 [00:00<00:00, 29708.19it/s]
sweep 8-bit: 50 cells -> results/bits8
  [sweep_bits8] 25/50 new=25 skip=0 fail=0 0.14/s eta=3.0min
  [sweep_bits8] 50/50 new=50 skip=0 fail=0 0.14/s eta=0.0min
sweep 7-bit: 50 cells -> results/bits7
  [sweep_bits7] 25/50 new=25 skip=0 fail=0 0.16/s eta=2.6min
  [sweep_bits7] 50/50 new=50 skip=0 fail=0 0.16/s eta=0.0min
sweep 6-bit: 50 cells -> results/bits6
  [sweep_bits6] 25/50 new=25 skip=0 fail=0 0.16/s eta=2.6min
  [sweep_bits6] 50/50 new=50 skip=0 fail=0 0.16/s eta=0.0min
sweep 5-bit: 50 cells -> results/bits5
  [sweep_bits5] 25/50 new=25 skip=0 fail=0 0.23/s eta=1.8min
  [sweep_bits5] 50/50 new=50 skip=0 fail=0 0.21/s eta=0.0min
sweep 4-bit: 50 cells -> results/bits4
sweep 3-bit: 50 cells -> results/bits3
  [sweep_bits3] 25/50 new=25 skip=0 fail=0 0.32/s eta=1.3min
  [sweep_bits3] 50/50 new=50 skip=0 fail=0 0.31/s eta=0.0min
[
  {
    "tag": "sweep_bits8",
    "new": 50,
    "skipped": 0,
    "failed": 0,
    "elapsed_s": 353.26278352737427,
    "results": "results/bits8/sweep_bits8.jsonl",
    "failures": "results/bits8/sweep_bits8.failures.jsonl"
  },
  {
    "tag": "sweep_bits7",
    "new": 50,
    "skipped": 0,
    "failed": 0,
    "elapsed_s": 320.7320468425751,
    "results": "results/bits7/sweep_bits7.jsonl",
    "failures": "results/bits7/sweep_bits7.failures.jsonl"
  },
  {
    "tag": "sweep_bits6",
    "new": 50,
    "skipped": 0,
    "failed": 0,
    "elapsed_s": 320.3162236213684,
    "results": "results/bits6/sweep_bits6.jsonl",
    "failures": "results/bits6/sweep_bits6.failures.jsonl"
  },
  {
    "tag": "sweep_bits5",
    "new": 50,
    "skipped": 0,
    "failed": 0,
    "elapsed_s": 233.39318323135376,
    "results": "results/bits5/sweep_bits5.jsonl",
    "failures": "results/bits5/sweep_bits5.failures.jsonl"
  },
  {
    "tag": "sweep_bits4",
    "new": 0,
    "skipped": 50,
    "failed": 0,
    "elapsed_s": 8.702278137207031e-05,
    "results": "results/bits4/sweep_bits4.jsonl",
    "failures": "results/bits4/sweep_bits4.failures.jsonl"
  },
  {
    "tag": "sweep_bits3",
    "new": 50,
    "skipped": 0,
    "failed": 0,
    "elapsed_s": 161.04029655456543,
    "results": "results/bits3/sweep_bits3.jsonl",
    "failures": "results/bits3/sweep_bits3.failures.jsonl"
  }
]
total 23.1 min
