loading model... (P2 ladder, c=19, N=80, C=64, B=136, n=100, payable_cost=75.7, SQUEEZED)
loaded.
  [C=64] inst 10/100  written 49 skipped 21 failed 0  4.3 min  5.26 s/row  eta 38.7 min
  [C=64] inst 20/100  written 119 skipped 21 failed 0  10.4 min  5.25 s/row  eta 41.7 min
  [C=64] inst 30/100  written 189 skipped 21 failed 0  16.5 min  5.23 s/row  eta 38.4 min
  [C=64] inst 40/100  written 259 skipped 21 failed 0  22.5 min  5.22 s/row  eta 33.8 min
  [C=64] inst 50/100  written 329 skipped 21 failed 0  28.5 min  5.20 s/row  eta 28.5 min
  [C=64] inst 60/100  written 399 skipped 21 failed 0  34.4 min  5.17 s/row  eta 22.9 min
  [C=64] inst 70/100  written 469 skipped 21 failed 0  40.1 min  5.13 s/row  eta 17.2 min
  [C=64] inst 80/100  written 539 skipped 21 failed 0  45.7 min  5.09 s/row  eta 11.4 min
  [C=64] inst 90/100  written 609 skipped 21 failed 0  51.7 min  5.09 s/row  eta 5.7 min
  [C=64] inst 100/100  written 679 skipped 21 failed 0  57.7 min  5.10 s/row  eta 0.0 min

=== C=64 SUMMARY (n=100, N=80, L~2074, SQUEEZED) ===
floor_pos = 0.0725 -- viable
  full_cache             acc=0.9550 [0.9350,0.9725]  n=100
  null                   acc=0.0275 [0.0125,0.0450]  n=100
  random                 acc=0.0000 [0.0000,0.0000]  n=100
  floor_pos              acc=0.0725 [0.0500,0.0975]  n=100
  oracle_causal          acc=0.7725 [0.7500,0.7950]  n=100
  oracle_prescient       acc=0.9750 [0.9600,0.9875]  n=100
  oracle_causal_perhead  acc=0.7150 [0.6725,0.7575]  n=100

I = 0.2244 [0.2063,0.2410]
Delta_head = -0.0575 [-0.0950,-0.0225] (n_paired=100)

DONE C=64: 679 written, 21 skipped, 0 failed, 57.7 min, 5.10 s/row
