loading model... (P2 ladder, c=19, N=80, C=128, B=200, n=100, payable_cost=75.7, NOT squeezed (ceiling reference))
loaded.
  [C=128] inst 10/100  written 70 skipped 0 failed 0  5.7 min  4.90 s/row  eta 51.5 min
  [C=128] inst 20/100  written 140 skipped 0 failed 0  11.5 min  4.93 s/row  eta 46.1 min
  [C=128] inst 30/100  written 210 skipped 0 failed 0  17.4 min  4.96 s/row  eta 40.5 min
  [C=128] inst 40/100  written 280 skipped 0 failed 0  23.4 min  5.02 s/row  eta 35.1 min
  [C=128] inst 50/100  written 350 skipped 0 failed 0  29.5 min  5.05 s/row  eta 29.5 min
  [C=128] inst 60/100  written 420 skipped 0 failed 0  35.4 min  5.05 s/row  eta 23.6 min
  [C=128] inst 70/100  written 490 skipped 0 failed 0  40.9 min  5.01 s/row  eta 17.5 min
  [C=128] inst 80/100  written 560 skipped 0 failed 0  46.7 min  5.00 s/row  eta 11.7 min
  [C=128] inst 90/100  written 630 skipped 0 failed 0  52.4 min  4.99 s/row  eta 5.8 min
  [C=128] inst 100/100  written 700 skipped 0 failed 0  58.1 min  4.98 s/row  eta 0.0 min

=== C=128 SUMMARY (n=100, N=80, L~2074, not squeezed) ===
floor_pos = 0.1025 -- viable
  full_cache             acc=0.9550 [0.9350,0.9725]  n=100
  null                   acc=0.0275 [0.0125,0.0425]  n=100
  random                 acc=0.0000 [0.0000,0.0000]  n=100
  floor_pos              acc=0.1025 [0.0750,0.1325]  n=100
  oracle_causal          acc=0.9775 [0.9625,0.9900]  n=100
  oracle_prescient       acc=0.9775 [0.9625,0.9900]  n=100
  oracle_causal_perhead  acc=0.9775 [0.9625,0.9900]  n=100

I = 0.0000 [0.0000,0.0000]
Delta_head = 0.0000 [0.0000,0.0000] (n_paired=100)

DONE C=128: 700 written, 0 skipped, 0 failed, 58.1 min, 4.98 s/row
