loading model... (c=19, task=ledger_c, n_fields=3, n_records=200, n=100, C=512, B=584)
loaded.
  [c=19] inst 10/100  written 80 skipped 20  8.3 min elapsed  6.22 s/row  eta 74.7 min
  [c=19] inst 20/100  written 180 skipped 20  18.3 min elapsed  6.11 s/row  eta 73.4 min
  [c=19] inst 30/100  written 280 skipped 20  28.5 min elapsed  6.11 s/row  eta 66.6 min
  [c=19] inst 40/100  written 380 skipped 20  38.7 min elapsed  6.11 s/row  eta 58.1 min
  [c=19] inst 50/100  written 480 skipped 20  48.7 min elapsed  6.09 s/row  eta 48.7 min
  [c=19] inst 60/100  written 580 skipped 20  58.9 min elapsed  6.09 s/row  eta 39.2 min
  [c=19] inst 70/100  written 680 skipped 20  69.0 min elapsed  6.09 s/row  eta 29.6 min
  [c=19] inst 80/100  written 780 skipped 20  79.3 min elapsed  6.10 s/row  eta 19.8 min
  [c=19] inst 90/100  written 880 skipped 20  89.5 min elapsed  6.10 s/row  eta 9.9 min
  [c=19] inst 100/100  written 980 skipped 20  99.5 min elapsed  6.09 s/row  eta 0.0 min

=== c=19 SUMMARY (n=100, C=512, N_records=200, L~4156) ===
floor_pos accuracy = 0.1025 
  full_cache       acc=0.8850 [0.8500,0.9175]  p_g=1.000 q_complete=1.000
  null             acc=0.0150 [0.0025,0.0300]  p_g=0.140 q_complete=0.140
  random           acc=0.0000 [0.0000,0.0000]  p_g=0.125 q_complete=0.007
  floor_pos        acc=0.1025 [0.0750,0.1325]  p_g=0.140 q_complete=0.138
  oracle_causal    acc=0.9050 [0.8775,0.9325]  p_g=1.000 q_complete=1.000
  oracle_prescient acc=0.9050 [0.8775,0.9325]  p_g=1.000 q_complete=1.000
  snapkv           acc=0.0200 [0.0075,0.0350]  p_g=0.121 q_complete=0.027  ratio=0.195x [0.081, 0.325]
  adakv_snapkv     acc=0.0375 [0.0200,0.0550]  p_g=0.123 q_complete=0.027  ratio=0.366x [0.222, 0.529]
  expected_attn    acc=0.0075 [0.0000,0.0175]  p_g=0.115 q_complete=0.008  ratio=0.073x [0.000, 0.159]
  keydiff          acc=0.0225 [0.0100,0.0375]  p_g=0.103 q_complete=0.009  ratio=0.220x [0.094, 0.382]

DONE c=19: 980 written, 20 skipped, 99.5 min, 6.09 s/row, 1000 total rows this cell
