loading model... (c=8, task=ledger_c, n_fields=1, n_records=200, n=100, C=512, B=584)
loaded.
  [c=8] inst 10/100  written 100 skipped 0  5.8 min elapsed  3.45 s/row  eta 51.8 min
  [c=8] inst 20/100  written 200 skipped 0  11.7 min elapsed  3.50 s/row  eta 46.7 min
  [c=8] inst 30/100  written 300 skipped 0  17.7 min elapsed  3.54 s/row  eta 41.3 min
  [c=8] inst 40/100  written 400 skipped 0  23.7 min elapsed  3.55 s/row  eta 35.5 min
  [c=8] inst 50/100  written 500 skipped 0  29.6 min elapsed  3.56 s/row  eta 29.6 min
  [c=8] inst 60/100  written 600 skipped 0  35.5 min elapsed  3.55 s/row  eta 23.7 min
  [c=8] inst 70/100  written 700 skipped 0  41.2 min elapsed  3.53 s/row  eta 17.7 min
  [c=8] inst 80/100  written 800 skipped 0  47.1 min elapsed  3.53 s/row  eta 11.8 min
  [c=8] inst 90/100  written 900 skipped 0  53.2 min elapsed  3.55 s/row  eta 5.9 min
  [c=8] inst 100/100  written 1000 skipped 0  59.0 min elapsed  3.54 s/row  eta 0.0 min

=== c=8 SUMMARY (n=100, C=512, N_records=200, L~2071) ===
floor_pos accuracy = 0.2600 
  full_cache       acc=0.9150 [0.8875,0.9425]  p_g=1.000 q_complete=1.000
  null             acc=0.0150 [0.0050,0.0275]  p_g=0.313 q_complete=0.310
  random           acc=0.0175 [0.0075,0.0325]  p_g=0.290 q_complete=0.048
  floor_pos        acc=0.2600 [0.2175,0.3025]  p_g=0.307 q_complete=0.302
  oracle_causal    acc=0.9250 [0.9000,0.9475]  p_g=1.000 q_complete=1.000
  oracle_prescient acc=0.9250 [0.9000,0.9475]  p_g=1.000 q_complete=1.000
  snapkv           acc=0.1300 [0.1000,0.1625]  p_g=0.255 q_complete=0.125  ratio=0.500x [0.379, 0.639]
  adakv_snapkv     acc=0.1625 [0.1275,0.2000]  p_g=0.258 q_complete=0.124  ratio=0.625x [0.495, 0.777]
  expected_attn    acc=0.0750 [0.0525,0.1000]  p_g=0.255 q_complete=0.053  ratio=0.288x [0.198, 0.392]
  keydiff          acc=0.0850 [0.0600,0.1100]  p_g=0.239 q_complete=0.058  ratio=0.327x [0.224, 0.450]

DONE c=8: 1000 written, 0 skipped, 59.0 min, 3.54 s/row, 1000 total rows this cell
