
## M2

`†` = marginal cell (M3 level 1 anchor; all C=256 cells). `X` floor < 0.05, `V` all compressed arms <= 0.02, `n/a` A_causal - A_floor < 0.15.


### M2 level 1 (full_cache 0.943)

| C | arm | A | R = A/floor [95% CI] | G_m [95% CI] | I [95% CI] | n differ vs floor |
|---|---|---|---|---|---|---|
| 256† V | snapkv | 0.010 | 0.11 [0.02, 0.22] | -0.10 [-0.13, -0.07] |  | 33/100 |
| 256† V | adakv_snapkv | 0.010 | 0.11 [0.02, 0.22] | -0.10 [-0.13, -0.07] |  | 33/100 |
| 256† V | expected_attn | 0.013 | 0.14 [0.03, 0.26] | -0.09 [-0.12, -0.07] |  | 32/100 |
| 256† V | keydiff | 0.003 | 0.03 [0.00, 0.09] | -0.11 [-0.14, -0.08] |  | 36/100 |
| 256† V | floor_pos | 0.092 |  |  |  | 0/100 |
| 256† V | oracle_causal | 0.943 |  |  |  | 100/100 |
| 256† V | oracle_prescient | 0.943 |  |  | 0.000 [0.000, 0.000] | 100/100 |
| 256† V | null | 0.000 |  |  |  | 37/100 |
| 256† V | random | 0.000 |  |  |  | 37/100 |
| 512  | snapkv | 0.020 | 0.13 [0.05, 0.22] | -0.16 [-0.19, -0.13] |  | 52/100 |
| 512  | adakv_snapkv | 0.028 | 0.18 [0.09, 0.29] | -0.15 [-0.18, -0.12] |  | 49/100 |
| 512  | expected_attn | 0.025 | 0.17 [0.08, 0.27] | -0.15 [-0.19, -0.12] |  | 50/100 |
| 512  | keydiff | 0.005 | 0.03 [0.00, 0.09] | -0.18 [-0.21, -0.14] |  | 58/100 |
| 512  | floor_pos | 0.150 |  |  |  | 0/100 |
| 512  | oracle_causal | 0.970 |  |  |  | 100/100 |
| 512  | oracle_prescient | 0.970 |  |  | 0.000 [0.000, 0.000] | 100/100 |
| 512  | null | 0.000 |  |  |  | 60/100 |
| 512  | random | 0.000 |  |  |  | 60/100 |

### M2 level 3 (full_cache 0.887)

| C | arm | A | R = A/floor [95% CI] | G_m [95% CI] | I [95% CI] | n differ vs floor |
|---|---|---|---|---|---|---|
| 256† V | snapkv | 0.010 | 0.12 [0.03, 0.24] | -0.08 [-0.11, -0.06] |  | 29/100 |
| 256† V | adakv_snapkv | 0.010 | 0.12 [0.03, 0.24] | -0.08 [-0.11, -0.06] |  | 29/100 |
| 256† V | expected_attn | 0.007 | 0.09 [0.00, 0.20] | -0.09 [-0.12, -0.06] |  | 30/100 |
| 256† V | keydiff | 0.003 | 0.03 [0.00, 0.10] | -0.09 [-0.12, -0.06] |  | 32/100 |
| 256† V | floor_pos | 0.083 |  |  |  | 0/100 |
| 256† V | oracle_causal | 0.953 |  |  |  | 100/100 |
| 256† V | oracle_prescient | 0.953 |  |  | 0.000 [0.000, 0.000] | 100/100 |
| 256† V | null | 0.000 |  |  |  | 33/100 |
| 256† V | random | 0.000 |  |  |  | 33/100 |
| 512 V | snapkv | 0.013 | 0.09 [0.02, 0.17] | -0.15 [-0.18, -0.12] |  | 50/100 |
| 512 V | adakv_snapkv | 0.013 | 0.09 [0.02, 0.17] | -0.15 [-0.19, -0.12] |  | 50/100 |
| 512 V | expected_attn | 0.020 | 0.15 [0.06, 0.25] | -0.14 [-0.18, -0.11] |  | 47/100 |
| 512 V | keydiff | 0.007 | 0.05 [0.00, 0.12] | -0.16 [-0.19, -0.13] |  | 52/100 |
| 512 V | floor_pos | 0.138 |  |  |  | 0/100 |
| 512 V | oracle_causal | 0.963 |  |  |  | 100/100 |
| 512 V | oracle_prescient | 0.963 |  |  | 0.000 [0.000, 0.000] | 100/100 |
| 512 V | null | 0.000 |  |  |  | 55/100 |
| 512 V | random | 0.000 |  |  |  | 55/100 |

### M2 level 5 (full_cache 0.850)

| C | arm | A | R = A/floor [95% CI] | G_m [95% CI] | I [95% CI] | n differ vs floor |
|---|---|---|---|---|---|---|
| 256† V | snapkv | 0.010 | 0.13 [0.03, 0.27] | -0.08 [-0.12, -0.06] |  | 26/100 |
| 256† V | adakv_snapkv | 0.010 | 0.13 [0.03, 0.27] | -0.08 [-0.12, -0.06] |  | 26/100 |
| 256† V | expected_attn | 0.007 | 0.10 [0.00, 0.22] | -0.09 [-0.12, -0.06] |  | 27/100 |
| 256† V | keydiff | 0.003 | 0.03 [0.00, 0.11] | -0.09 [-0.13, -0.06] |  | 29/100 |
| 256† V | floor_pos | 0.075 |  |  |  | 0/100 |
| 256† V | oracle_causal | 0.840 |  |  |  | 99/100 |
| 256† V | oracle_prescient | 0.840 |  |  | 0.000 [0.000, 0.000] | 99/100 |
| 256† V | null | 0.000 |  |  |  | 30/100 |
| 256† V | random | 0.000 |  |  |  | 30/100 |
| 512 V | snapkv | 0.013 | 0.10 [0.02, 0.20] | -0.14 [-0.18, -0.11] |  | 43/100 |
| 512 V | adakv_snapkv | 0.013 | 0.10 [0.02, 0.20] | -0.14 [-0.18, -0.11] |  | 43/100 |
| 512 V | expected_attn | 0.010 | 0.08 [0.02, 0.17] | -0.15 [-0.18, -0.11] |  | 44/100 |
| 512 V | keydiff | 0.005 | 0.04 [0.00, 0.11] | -0.15 [-0.19, -0.12] |  | 46/100 |
| 512 V | floor_pos | 0.120 |  |  |  | 0/100 |
| 512 V | oracle_causal | 0.877 |  |  |  | 100/100 |
| 512 V | oracle_prescient | 0.877 |  |  | 0.000 [0.000, 0.000] | 100/100 |
| 512 V | null | 0.000 |  |  |  | 48/100 |
| 512 V | random | 0.000 |  |  |  | 48/100 |

## M3

`†` = marginal cell (M3 level 1 anchor; all C=256 cells). `X` floor < 0.05, `V` all compressed arms <= 0.02, `n/a` A_causal - A_floor < 0.15.


### M3 level 1 (full_cache 0.968)†

| C | arm | A | R = A/floor [95% CI] | G_m [95% CI] | I [95% CI] | n differ vs floor |
|---|---|---|---|---|---|---|
| 256†  | snapkv | 0.022 | 0.24 [0.11, 0.38] | -0.08 [-0.11, -0.06] |  | 29/100 |
| 256†  | adakv_snapkv | 0.028 | 0.29 [0.13, 0.47] | -0.08 [-0.11, -0.05] |  | 31/100 |
| 256†  | expected_attn | 0.010 | 0.11 [0.02, 0.21] | -0.10 [-0.13, -0.07] |  | 34/100 |
| 256†  | keydiff | 0.010 | 0.11 [0.02, 0.21] | -0.10 [-0.13, -0.07] |  | 34/100 |
| 256†  | floor_pos | 0.095 |  |  |  | 0/100 |
| 256†  | oracle_causal | 0.963 |  |  |  | 100/100 |
| 256†  | oracle_prescient | 0.963 |  |  | 0.000 [0.000, 0.000] | 100/100 |
| 256†  | null | 0.000 |  |  |  | 38/100 |
| 256†  | random | 0.000 |  |  |  | 38/100 |
| 512†  | snapkv | 0.050 | 0.32 [0.19, 0.47] | -0.13 [-0.17, -0.09] |  | 52/100 |
| 512†  | adakv_snapkv | 0.092 | 0.60 [0.37, 0.87] | -0.08 [-0.13, -0.02] |  | 56/100 |
| 512†  | expected_attn | 0.013 | 0.08 [0.02, 0.15] | -0.18 [-0.21, -0.14] |  | 57/100 |
| 512†  | keydiff | 0.022 | 0.15 [0.06, 0.24] | -0.17 [-0.20, -0.13] |  | 55/100 |
| 512†  | floor_pos | 0.155 |  |  |  | 0/100 |
| 512†  | oracle_causal | 0.958 |  |  |  | 100/100 |
| 512†  | oracle_prescient | 0.958 |  |  | 0.000 [0.000, 0.000] | 100/100 |
| 512†  | null | 0.000 |  |  |  | 62/100 |
| 512†  | random | 0.000 |  |  |  | 62/100 |

### M3 level 3 (full_cache 0.845)

| C | arm | A | R = A/floor [95% CI] | G_m [95% CI] | I [95% CI] | n differ vs floor |
|---|---|---|---|---|---|---|
| 256†  | snapkv | 0.018 | 0.18 [0.07, 0.32] | -0.09 [-0.12, -0.06] |  | 33/100 |
| 256†  | adakv_snapkv | 0.028 | 0.29 [0.14, 0.47] | -0.08 [-0.11, -0.05] |  | 31/100 |
| 256†  | expected_attn | 0.010 | 0.11 [0.02, 0.21] | -0.10 [-0.13, -0.07] |  | 34/100 |
| 256†  | keydiff | 0.010 | 0.11 [0.02, 0.21] | -0.10 [-0.13, -0.07] |  | 34/100 |
| 256†  | floor_pos | 0.095 |  |  |  | 0/100 |
| 256†  | oracle_causal | 0.973 |  |  |  | 100/100 |
| 256†  | oracle_prescient | 0.973 |  |  | 0.000 [0.000, 0.000] | 100/100 |
| 256†  | null | 0.000 |  |  |  | 38/100 |
| 256†  | random | 0.000 |  |  |  | 38/100 |
| 512  | snapkv | 0.043 | 0.27 [0.16, 0.41] | -0.14 [-0.17, -0.10] |  | 51/100 |
| 512  | adakv_snapkv | 0.068 | 0.44 [0.28, 0.62] | -0.11 [-0.15, -0.07] |  | 53/100 |
| 512  | expected_attn | 0.010 | 0.06 [0.01, 0.13] | -0.18 [-0.21, -0.14] |  | 58/100 |
| 512  | keydiff | 0.015 | 0.10 [0.03, 0.18] | -0.17 [-0.21, -0.14] |  | 58/100 |
| 512  | floor_pos | 0.155 |  |  |  | 0/100 |
| 512  | oracle_causal | 0.975 |  |  |  | 100/100 |
| 512  | oracle_prescient | 0.975 |  |  | 0.000 [0.000, 0.000] | 100/100 |
| 512  | null | 0.000 |  |  |  | 62/100 |
| 512  | random | 0.000 |  |  |  | 62/100 |

### M3 level 5 (full_cache 0.800)

| C | arm | A | R = A/floor [95% CI] | G_m [95% CI] | I [95% CI] | n differ vs floor |
|---|---|---|---|---|---|---|
| 256† V | snapkv | 0.015 | 0.16 [0.05, 0.28] | -0.10 [-0.13, -0.07] |  | 32/100 |
| 256† V | adakv_snapkv | 0.020 | 0.21 [0.09, 0.35] | -0.09 [-0.12, -0.06] |  | 30/100 |
| 256† V | expected_attn | 0.010 | 0.11 [0.02, 0.21] | -0.10 [-0.14, -0.07] |  | 34/100 |
| 256† V | keydiff | 0.010 | 0.11 [0.02, 0.21] | -0.10 [-0.14, -0.07] |  | 34/100 |
| 256† V | floor_pos | 0.095 |  |  |  | 0/100 |
| 256† V | oracle_causal | 0.915 |  |  |  | 100/100 |
| 256† V | oracle_prescient | 0.915 |  |  | 0.000 [0.000, 0.000] | 100/100 |
| 256† V | null | 0.000 |  |  |  | 38/100 |
| 256† V | random | 0.000 |  |  |  | 38/100 |
| 512  | snapkv | 0.037 | 0.24 [0.13, 0.37] | -0.15 [-0.19, -0.11] |  | 51/100 |
| 512  | adakv_snapkv | 0.060 | 0.39 [0.23, 0.56] | -0.12 [-0.16, -0.08] |  | 54/100 |
| 512  | expected_attn | 0.013 | 0.08 [0.02, 0.15] | -0.18 [-0.22, -0.15] |  | 57/100 |
| 512  | keydiff | 0.010 | 0.06 [0.02, 0.13] | -0.19 [-0.22, -0.15] |  | 58/100 |
| 512  | floor_pos | 0.155 |  |  |  | 0/100 |
| 512  | oracle_causal | 0.938 |  |  |  | 100/100 |
| 512  | oracle_prescient | 0.938 |  |  | 0.000 [0.000, 0.000] | 100/100 |
| 512  | null | 0.000 |  |  |  | 62/100 |
| 512  | random | 0.000 |  |  |  | 62/100 |
